// Jest Snapshot v1, https://goo.gl/fbAQLP

exports[`Render should render component 1`] = `
<li
  className="divider"
>
  <a />
</li>
`;

exports[`Render should render icon if exists 1`] = `
<li
  className=""
>
  <a>
    <Unicon
      name="icon-test"
    />
  </a>
</li>
`;
