// Jest Snapshot v1, https://goo.gl/fbAQLP

exports[`QueryRowActions should render component 1`] = `
<div
  className="gf-form-inline flex-shrink-0"
>
  <div
    className="gf-form"
  >
    <button
      aria-label="Edit mode button"
      className="gf-form-label gf-form-label--btn"
      onClick={[Function]}
    >
      <Unicon
        name="pen"
      />
    </button>
  </div>
  <div
    className="gf-form"
  >
    <button
      className="gf-form-label gf-form-label--btn"
      disabled={true}
      onClick={[Function]}
      title="Disable/enable query"
    >
      <Unicon
        name="eye"
      />
    </button>
  </div>
  <div
    className="gf-form"
  >
    <button
      className="gf-form-label gf-form-label--btn"
      onClick={[Function]}
      title="Add query"
    >
      <Unicon
        name="plus"
      />
    </button>
  </div>
  <div
    className="gf-form"
  >
    <button
      className="gf-form-label gf-form-label--btn"
      onClick={[Function]}
      title="Remove query"
    >
      <Unicon
        name="minus"
      />
    </button>
  </div>
</div>
`;
